// Jest Snapshot v1, https://goo.gl/fbAQLP

exports[`Collection tests should render Collection component 1`] = `ShallowWrapper {}`;
