// Jest Snapshot v1, https://goo.gl/fbAQLP

exports[`Homepage tests should render Homepage component 1`] = `ShallowWrapper {}`;
