// Jest Snapshot v1, https://goo.gl/fbAQLP

exports[`CollectionItem tests should render CollectionItem component 1`] = `ShallowWrapper {}`;
