// Jest Snapshot v1, https://goo.gl/fbAQLP

exports[`CartDropdown tests should render CartDropdown component 1`] = `ShallowWrapper {}`;
